// Jest Snapshot v1, https://goo.gl/fbAQLP

exports[`ShowGraph renders correctly to snapshot 1`] = `
<div>
  Loading Chart
</div>
`;
